[ 
{"name":"html","type":"tag","lineNumber": 1, "children":[ 
  {"name":"body","type":"tag","lineNumber": 2, "children":[ 
    {"type":"code","val":"var friends = 1 ","lineNumber": 3},  
    {"type":"pug_keyword","name":"case","val":"friends ","lineNumber": 4, "children":[ 
      {"type":"pug_keyword","name":"when","val":"0: p you have no friends ","lineNumber": 5},  
      {"type":"pug_keyword","name":"when","val":"1: p you have a friend ","lineNumber": 6},  
      {"type":"pug_keyword","name":"defaul","val":": p you have #{friends} friends ","lineNumber": 7}] 
},  
    {"type":"code","val":"var friends = 0 ","lineNumber": 8},  
    {"type":"pug_keyword","name":"case","val":"friends ","lineNumber": 9, "children":[ 
      {"type":"pug_keyword","name":"when","val":"0 ","lineNumber": 10},  
      {"type":"pug_keyword","name":"when","val":"1 ","lineNumber": 11, "children":[ 
        {"name":"p","type":"tag","val":"you have very few friends ","lineNumber": 12}] 
},  
      {"type":"pug_keyword","name":"default","lineNumber": 13, "children":[ 
        {"name":"p","type":"tag","val":"you have #{friends} friends ","lineNumber": 14}]}] 
},  
    {"type":"code","val":"var friend = 'Tim:G' ","lineNumber": 16},  
    {"type":"pug_keyword","name":"case","val":"friend ","lineNumber": 17, "children":[ 
      {"type":"pug_keyword","name":"when","val":"'Tim:G':    p Friend is a string ","lineNumber": 18},  
      {"type":"pug_keyword","name":"when","val":"{tim: 'g'}: p Friend is an object ","lineNumber": 19}]}]}]}]