[ 
{"type":"code","val":"if (true) ","lineNumber": 2, "children":[ 
  {"name":"p","type":"tag","val":"foo ","lineNumber": 3}] 
},  
{"type":"code","val":"else ","lineNumber": 4, "children":[ 
  {"name":"p","type":"tag","val":"bar ","lineNumber": 5}] 
},  
{"type":"code","val":"if (true) { ","lineNumber": 7, "children":[ 
  {"name":"p","type":"tag","val":"foo ","lineNumber": 8}] 
},  
{"type":"code","val":"} else { ","lineNumber": 9, "children":[ 
  {"name":"p","type":"tag","val":"bar ","lineNumber": 10}] 
},  
{"type":"code","val":"} ","lineNumber": 11},  
{"type":"pug_keyword","name":"if","val":"true ","lineNumber": 13, "children":[ 
  {"name":"p","type":"tag","val":"foo ","lineNumber": 14},  
  {"name":"p","type":"tag","val":"bar ","lineNumber": 15},  
  {"name":"p","type":"tag","val":"baz ","lineNumber": 16}] 
},  
{"type":"pug_keyword","name":"else","lineNumber": 17, "children":[ 
  {"name":"p","type":"tag","val":"bar ","lineNumber": 18}] 
},  
{"type":"pug_keyword","name":"unless","val":"true ","lineNumber": 20, "children":[ 
  {"name":"p","type":"tag","val":"foo ","lineNumber": 21}] 
},  
{"type":"pug_keyword","name":"else","lineNumber": 22, "children":[ 
  {"name":"p","type":"tag","val":"bar ","lineNumber": 23}] 
},  
{"type":"pug_keyword","name":"if","val":"'nested' ","lineNumber": 25, "children":[ 
  {"type":"pug_keyword","name":"if","val":"'works' ","lineNumber": 26, "children":[ 
    {"name":"p","type":"tag","val":"yay ","lineNumber": 27}]}] 
},  
{"type":"comment","val":"- allow empty blocks ","lineNumber": 29},  
{"type":"pug_keyword","name":"if","val":"false ","lineNumber": 30},  
{"type":"pug_keyword","name":"else","lineNumber": 31, "children":[ 
  {"classes":["bar"],"type":"tag","lineNumber": 32}] 
},  
{"type":"pug_keyword","name":"if","val":"true ","lineNumber": 33, "children":[ 
  {"classes":["bar"],"type":"tag","lineNumber": 34}] 
},  
{"type":"pug_keyword","name":"else","lineNumber": 35},  
{"classes":["bing"],"type":"tag","lineNumber": 36},  
{"type":"pug_keyword","name":"if","val":"false ","lineNumber": 38, "children":[ 
  {"classes":["bing"],"type":"tag","lineNumber": 39}] 
},  
{"type":"pug_keyword","name":"else","val":"if false ","lineNumber": 40, "children":[ 
  {"classes":["bar"],"type":"tag","lineNumber": 41}] 
},  
{"type":"pug_keyword","name":"else","lineNumber": 42, "children":[ 
  {"classes":["foo"],"type":"tag","lineNumber": 43}]}]