[ 
{"name":"p","type":"tag","val":"= null ","lineNumber": 1},  
{"name":"p","type":"tag","val":"= undefined ","lineNumber": 2},  
{"name":"p","type":"tag","val":"= '' ","lineNumber": 3},  
{"name":"p","type":"tag","val":"= 0 ","lineNumber": 4},  
{"name":"p","type":"tag","val":"= false ","lineNumber": 5},  
{"name":"p","type":"tag","attrs":["foo=null"],"lineNumber": 6},  
{"name":"p","type":"tag","attrs":["foo=undefined"],"lineNumber": 7},  
{"name":"p","type":"tag","attrs":["foo=''"],"lineNumber": 8},  
{"name":"p","type":"tag","attrs":["foo=0"],"lineNumber": 9},  
{"name":"p","type":"tag","attrs":["foo=false"],"lineNumber": 10}]