[ 
{"type":"pug_keyword","name":"doctype","val":"html ","lineNumber": 1},  
{"name":"html","type":"tag","lineNumber": 2, "children":[ 
  {"name":"head","type":"tag","lineNumber": 3, "children":[ 
    {"name":"title","type":"tag","val":"escape-test ","lineNumber": 4}] 
},  
  {"name":"body","type":"tag","lineNumber": 5, "children":[ 
    {"name":"textarea","type":"tag","lineNumber": 6, "children":[ 
      {"type":"code","val":"var txt = '<param name=\"flashvars\" value=\"a=&quot;value_a&quot;&b=&quot;value_b&quot;&c=3\"/>' ","lineNumber": 7},  
      {"type":"text","val":"#{txt} ","lineNumber": 8}]}]}]}]