[ 
{"name":"html","type":"tag","lineNumber": 1, "children":[ 
  {"name":"body","type":"tag","lineNumber": 2, "children":[ 
    {"name":"p","type":"tag","lineNumber": 3, "children":[ 
      {"type":"pug_keyword","name":"include","val":"include-only-text-body.pug ","lineNumber": 4, "children":[ 
        {"name":"em","type":"tag","val":"hello world ","lineNumber": 5}]}]}]}]}]