[ 
{"name":"html","type":"tag","lineNumber": 1, "children":[ 
  {"type":"pug_keyword","name":"include","val":"include-with-text-head.pug ","lineNumber": 2, "children":[ 
    {"type":"tag","name":"script","attrs":["src='/caustic.js'"],"lineNumber": 3},  
    {"type":"tag","name":"script","attrs":["src='/app.js'"],"lineNumber": 4}]}]}]