[ 
{"type":"tag","name":"script","attrs":["type='text/x-template'"],"lineNumber": 1, "children":[ 
  {"type":"text","val":"article ","lineNumber": 2, "children":[ 
    {"type":"text","val":"h2 {{title}} ","lineNumber": 3},  
    {"type":"text","val":"p {{description}} ","lineNumber": 4}]}] 
},  
{"type":"tag","name":"script","attrs":["type='text/x-template'"],"lineNumber": 6, "children":[ 
  {"type":"text","val":"article ","lineNumber": 7, "children":[ 
    {"type":"text","val":"h2 {{title}} ","lineNumber": 8},  
    {"type":"text","val":"p {{description}} ","lineNumber": 9}]}]}]