[ 
{"name":"html","type":"tag","lineNumber": 1, "children":[ 
  {"name":"body","type":"tag","lineNumber": 2, "children":[ 
    {"type":"pug_keyword","name":"include","val":"yield-head.pug ","lineNumber": 3, "children":[ 
      {"type":"tag","name":"script","attrs":["src='/caustic.js'"],"lineNumber": 4},  
      {"type":"tag","name":"script","attrs":["src='/app.js'"],"lineNumber": 5}]}]}]}]